2026-06-17 18:26:25,148 - INFO - Preparing data for Elbow Method...
2026-06-17 18:26:30,970 - INFO - Calculating WCSS for k=2 to 10...
2026-06-17 18:26:37,698 - INFO - k=2, WCSS=8988.651754074337, Silhouette=0.9905791086994293
2026-06-17 18:26:39,997 - INFO - k=3, WCSS=7561.134382419602, Silhouette=0.9924400979811461
2026-06-17 18:26:43,309 - INFO - k=4, WCSS=4031.5321511940956, Silhouette=0.7457851023056143
2026-06-17 18:26:45,559 - INFO - k=5, WCSS=4041.695361116942, Silhouette=0.6759761007484444
2026-06-17 18:26:48,574 - INFO - k=6, WCSS=2503.4166608369374, Silhouette=0.6766069161588909
2026-06-17 18:26:50,363 - INFO - k=7, WCSS=1930.6748412106033, Silhouette=0.6985108600712867
2026-06-17 18:26:53,382 - INFO - k=8, WCSS=2208.7142221531426, Silhouette=0.49090603553280276
2026-06-17 18:26:55,253 - INFO - k=9, WCSS=1500.560182138554, Silhouette=0.5669317281607084
2026-06-17 18:26:56,951 - INFO - k=10, WCSS=1385.0909858370107, Silhouette=0.5666956000633341
2026-06-17 18:26:59,191 - INFO - Elbow plot saved to /app/index.html
2026-06-17 18:26:59,191 - INFO - Calculating Optimal k from Elbow Method data...
2026-06-17 18:26:59,194 - INFO - Automatically detected Optimal k: 4
2026-06-17 18:26:59,194 - INFO - Loading RFM features for clustering...
2026-06-17 18:26:59,194 - INFO - Training K-Means model...
2026-06-17 18:27:00,195 - INFO - Clustering complete for k=4
2026-06-17 18:27:23,418 - INFO - Final model silhouette score: 0.7457851023056143
2026-06-17 18:27:24,008 - INFO - Clustering complete. Full results saved.
2026-06-17 18:27:24,588 - INFO - Spark session stopped.
