2026-06-08 23:27:01,417 - INFO - Preparing data for Elbow Method...
2026-06-08 23:27:03,276 - ERROR - Error during elbow method execution: getSubject is not supported
2026-06-08 23:27:03,790 - INFO - Spark session stopped.
2026-06-08 23:27:46,898 - INFO - Preparing data for Elbow Method...
2026-06-08 23:27:47,787 - ERROR - Error during elbow method execution: getSubject is not supported
2026-06-08 23:27:48,101 - INFO - Spark session stopped.
2026-06-08 23:28:12,549 - INFO - Preparing data for Elbow Method...
2026-06-08 23:28:13,413 - ERROR - Error during elbow method execution: getSubject is not supported
2026-06-08 23:28:13,880 - INFO - Spark session stopped.
2026-06-08 23:37:53,496 - INFO - Preparing data for Elbow Method...
2026-06-08 23:38:00,279 - INFO - Calculating WCSS for k=2 to 10...
2026-06-08 23:38:05,822 - INFO - k=2, WCSS=8988.651754074306
2026-06-08 23:38:08,131 - INFO - k=3, WCSS=5445.678732531141
2026-06-08 23:38:10,084 - INFO - k=4, WCSS=4038.463094245664
2026-06-08 23:38:12,036 - INFO - k=5, WCSS=2960.2687056072537
2026-06-08 23:38:14,216 - INFO - k=6, WCSS=2373.81667750682
2026-06-08 23:38:15,796 - INFO - k=7, WCSS=2387.9474645353844
2026-06-08 23:38:16,990 - INFO - k=8, WCSS=1739.5379230928745
2026-06-08 23:38:18,976 - INFO - k=9, WCSS=1524.9449031053853
2026-06-08 23:38:20,460 - INFO - k=10, WCSS=1428.5554133591113
2026-06-08 23:38:20,791 - INFO - Elbow plot saved to /workspaces/PySpark-and-MLlib-project/scripts/../data/clusters/elbow_method.html
2026-06-08 23:38:20,791 - INFO - Calculating Optimal k from Elbow Method data...
2026-06-08 23:38:20,793 - INFO - Automatically detected Optimal k: 5
2026-06-08 23:38:20,794 - INFO - Loading RFM features for clustering...
2026-06-08 23:38:20,794 - INFO - Training K-Means model...
2026-06-08 23:38:24,301 - INFO - Clustering complete. Full results saved.
2026-06-08 23:38:24,810 - INFO - Spark session stopped.
2026-06-10 18:25:37,278 - INFO - Preparing data for Elbow Method...
2026-06-10 18:25:40,892 - INFO - Calculating WCSS for k=2 to 10...
2026-06-10 18:25:43,796 - INFO - k=2, WCSS=9421.604169664863
2026-06-10 18:25:44,892 - INFO - k=3, WCSS=5445.678732531181
2026-06-10 18:25:45,943 - INFO - k=4, WCSS=4010.760281915374
2026-06-10 18:25:47,132 - INFO - k=5, WCSS=2960.244778320754
2026-06-10 18:25:48,120 - INFO - k=6, WCSS=2503.2575491285916
2026-06-10 18:25:49,097 - INFO - k=7, WCSS=2387.788352827047
2026-06-10 18:25:49,824 - INFO - k=8, WCSS=1810.614535350348
2026-06-10 18:25:50,665 - INFO - k=9, WCSS=1696.962572852204
2026-06-10 18:25:51,685 - INFO - k=10, WCSS=1434.0847522541262
2026-06-10 18:25:51,765 - ERROR - Error during elbow method execution: name 'PROJECT_ROOT' is not defined
2026-06-10 18:25:52,039 - INFO - Spark session stopped.
2026-06-10 18:46:04,097 - INFO - Preparing data for Elbow Method...
2026-06-10 18:46:07,951 - INFO - Calculating WCSS for k=2 to 10...
2026-06-10 18:46:10,978 - INFO - k=2, WCSS=9421.604169664863
2026-06-10 18:46:12,174 - INFO - k=3, WCSS=5445.678732531181
2026-06-10 18:46:13,199 - INFO - k=4, WCSS=4010.760281915374
2026-06-10 18:46:14,462 - INFO - k=5, WCSS=2960.244778320754
2026-06-10 18:46:15,513 - INFO - k=6, WCSS=2503.2575491285916
2026-06-10 18:46:16,557 - INFO - k=7, WCSS=2387.788352827047
2026-06-10 18:46:17,404 - INFO - k=8, WCSS=1810.614535350348
2026-06-10 18:46:18,255 - INFO - k=9, WCSS=1696.962572852204
2026-06-10 18:46:19,345 - INFO - k=10, WCSS=1434.0847522541262
2026-06-10 18:46:19,427 - ERROR - Error during elbow method execution: name 'PROJECT_ROOT' is not defined
2026-06-10 18:46:19,748 - INFO - Spark session stopped.
