2026-06-10 18:24:31,043 - INFO - Downloading dataset from https://archive.ics.uci.edu/static/public/352/online+retail.zip...
2026-06-10 18:24:33,316 - INFO - Unzipping dataset...
2026-06-10 18:24:33,340 - INFO - Converting Excel files to CSV...
2026-06-10 18:24:33,340 - INFO - Converting: /app/scripts/../data/Online Retail.xlsx -> /app/scripts/../data/raw_data/Online Retail.csv
2026-06-10 18:25:06,162 - INFO - Data download and preparation complete.
2026-06-10 18:44:54,253 - INFO - Downloading dataset from https://archive.ics.uci.edu/static/public/352/online+retail.zip...
2026-06-10 18:44:56,400 - INFO - Unzipping dataset...
2026-06-10 18:44:56,420 - INFO - Converting Excel files to CSV...
2026-06-10 18:44:56,420 - INFO - Converting: /app/scripts/../data/Online Retail.xlsx -> /app/scripts/../data/raw_data/Online Retail.csv
2026-06-10 18:45:30,363 - INFO - Data download and preparation complete.
2026-06-10 19:05:07,972 - INFO - Downloading dataset from https://archive.ics.uci.edu/static/public/352/online+retail.zip...
2026-06-10 19:05:09,881 - INFO - Unzipping dataset...
2026-06-10 19:05:09,943 - INFO - Converting Excel files to CSV...
2026-06-10 19:05:09,944 - INFO - Converting: /app/scripts/../data/Online Retail.xlsx -> /app/scripts/../data/raw_data/Online Retail.csv
2026-06-10 19:05:51,514 - INFO - Data download and preparation complete.
2026-06-10 19:08:37,634 - INFO - Downloading dataset from https://archive.ics.uci.edu/static/public/352/online+retail.zip...
2026-06-10 19:08:39,384 - INFO - Unzipping dataset...
2026-06-10 19:08:39,442 - INFO - Converting Excel files to CSV...
2026-06-10 19:08:39,443 - INFO - Converting: /app/scripts/../data/Online Retail.xlsx -> /app/scripts/../data/raw_data/Online Retail.csv
2026-06-10 19:09:21,671 - INFO - Data download and preparation complete.
2026-06-10 19:11:14,133 - INFO - Downloading dataset from https://archive.ics.uci.edu/static/public/352/online+retail.zip...
2026-06-10 19:11:15,836 - INFO - Unzipping dataset...
2026-06-10 19:11:15,926 - INFO - Converting Excel files to CSV...
2026-06-10 19:11:15,927 - INFO - Converting: /app/scripts/../data/Online Retail.xlsx -> /app/scripts/../data/raw_data/Online Retail.csv
2026-06-10 19:11:58,630 - INFO - Data download and preparation complete.
2026-06-10 19:14:45,085 - INFO - Downloading dataset from https://archive.ics.uci.edu/static/public/352/online+retail.zip...
2026-06-10 19:14:47,053 - INFO - Unzipping dataset...
2026-06-10 19:14:47,118 - INFO - Converting Excel files to CSV...
2026-06-10 19:14:47,119 - INFO - Converting: /app/scripts/../data/Online Retail.xlsx -> /app/scripts/../data/raw_data/Online Retail.csv
2026-06-10 19:15:29,899 - INFO - Data download and preparation complete.
2026-06-10 19:17:54,560 - INFO - Downloading dataset from https://archive.ics.uci.edu/static/public/352/online+retail.zip...
2026-06-10 19:17:56,320 - INFO - Unzipping dataset...
2026-06-10 19:17:56,382 - INFO - Converting Excel files to CSV...
2026-06-10 19:17:56,383 - INFO - Converting: /app/scripts/../data/Online Retail.xlsx -> /app/scripts/../data/raw_data/Online Retail.csv
2026-06-10 19:18:39,230 - INFO - Data download and preparation complete.
2026-06-10 19:20:32,129 - INFO - Downloading dataset from https://archive.ics.uci.edu/static/public/352/online+retail.zip...
2026-06-10 19:20:34,024 - INFO - Unzipping dataset...
2026-06-10 19:20:34,089 - INFO - Converting Excel files to CSV...
2026-06-10 19:20:34,090 - INFO - Converting: /app/scripts/../data/Online Retail.xlsx -> /app/scripts/../data/raw_data/Online Retail.csv
2026-06-10 19:21:17,009 - INFO - Data download and preparation complete.
2026-06-10 19:24:02,695 - INFO - Downloading dataset from https://archive.ics.uci.edu/static/public/352/online+retail.zip...
2026-06-10 19:24:04,696 - INFO - Unzipping dataset...
2026-06-10 19:24:04,756 - INFO - Converting Excel files to CSV...
2026-06-10 19:24:04,757 - INFO - Converting: /app/scripts/../data/Online Retail.xlsx -> /app/scripts/../data/raw_data/Online Retail.csv
2026-06-10 19:24:46,798 - INFO - Data download and preparation complete.
