2026-06-06 06:53:18,619 - INFO - Loading cleaned data for feature engineering...
2026-06-06 06:53:20,306 - ERROR - Error during feature engineering: getSubject is not supported
2026-06-06 06:53:20,611 - INFO - Spark session stopped.
2026-06-06 06:54:11,520 - INFO - Loading cleaned data for feature engineering...
2026-06-06 06:54:12,380 - ERROR - Error during feature engineering: getSubject is not supported
2026-06-06 06:54:12,575 - INFO - Spark session stopped.
2026-06-06 06:55:51,027 - INFO - Loading cleaned data for feature engineering...
2026-06-06 06:55:51,824 - ERROR - Error during feature engineering: getSubject is not supported
2026-06-06 06:55:52,016 - INFO - Spark session stopped.
2026-06-06 06:58:14,246 - INFO - Loading cleaned data for feature engineering...
2026-06-06 06:58:28,121 - INFO - RFM features saved to /workspaces/PySpark-and-MLlib-project/scripts/../data/features/rfm_features.parquet
2026-06-06 06:58:29,694 - INFO - Spark session stopped.
2026-06-10 18:25:26,714 - INFO - Loading cleaned data for feature engineering...
2026-06-10 18:25:29,897 - INFO - Faux date of report calculated to be: Column<'add_months(trunc(2011-12-09 12:50:00.0, 'MM'), 1)'>
2026-06-10 18:25:31,711 - INFO - RFM features saved to /app/data/features/rfm_features.parquet
2026-06-10 18:25:32,465 - INFO - Spark session stopped.
2026-06-10 18:45:52,628 - INFO - Loading cleaned data for feature engineering...
2026-06-10 18:45:56,072 - INFO - Faux date of report calculated to be: Column<'add_months(trunc(2011-12-09 12:50:00.0, 'MM'), 1)'>
2026-06-10 18:45:57,878 - INFO - RFM features saved to /app/data/features/rfm_features.parquet
2026-06-10 18:45:58,735 - INFO - Spark session stopped.
2026-06-10 19:22:04,256 - INFO - Loading cleaned data for feature engineering...
2026-06-10 19:22:09,792 - INFO - Faux date of report calculated to be: Column<'add_months(trunc(2011-12-09 12:50:00.0, 'MM'), 1)'>
2026-06-10 19:22:13,398 - INFO - RFM features saved to /app/data/features/rfm_features.parquet
2026-06-10 19:22:14,723 - INFO - Spark session stopped.
2026-06-10 19:25:31,232 - INFO - Loading cleaned data for feature engineering...
2026-06-10 19:25:37,088 - INFO - Faux date of report calculated to be: Column<'add_months(trunc(2011-12-09 12:50:00.0, 'MM'), 1)'>
2026-06-10 19:25:41,111 - INFO - RFM features saved to /app/data/features/rfm_features.parquet
2026-06-10 19:25:42,809 - INFO - Spark session stopped.
2026-06-10 19:33:03,118 - INFO - Loading cleaned data for feature engineering...
2026-06-10 19:33:06,354 - INFO - Faux date of report calculated to be: Column<'add_months(trunc(2011-12-09 12:50:00.0, 'MM'), 1)'>
2026-06-10 19:33:08,082 - INFO - RFM features saved to /app/data/features/rfm_features.parquet
2026-06-10 19:33:08,932 - INFO - Spark session stopped.
2026-06-10 19:57:40,555 - INFO - Loading cleaned data for feature engineering...
2026-06-10 19:57:43,674 - INFO - Faux date of report calculated to be: Column<'add_months(trunc(2011-12-09 12:50:00.0, 'MM'), 1)'>
2026-06-10 19:57:45,662 - INFO - RFM features saved to /app/data/features/rfm_features.parquet
2026-06-10 19:57:46,821 - INFO - Spark session stopped.
2026-06-11 00:17:39,106 - INFO - Loading cleaned data for feature engineering...
2026-06-11 00:17:45,104 - INFO - Faux date of report calculated to be: 2012-01-01
2026-06-11 00:17:45,127 - ERROR - Error during feature engineering: [NOT_COLUMN_OR_STR] Argument `col` should be a Column or str, got date.
2026-06-11 00:17:45,697 - INFO - Spark session stopped.
2026-06-11 00:24:32,725 - INFO - Loading cleaned data for feature engineering...
2026-06-11 00:24:38,166 - INFO - Faux date of report calculated to be: 2012-01-01
2026-06-11 00:24:41,679 - INFO - RFM features saved to /app/data/features/rfm_features.parquet
2026-06-11 00:24:42,911 - INFO - Spark session stopped.
2026-06-11 00:56:21,711 - INFO - Loading cleaned data for feature engineering...
2026-06-11 00:56:28,111 - INFO - Faux date of report calculated to be: 2012-01-01
2026-06-11 00:56:31,505 - INFO - RFM features saved to /app/data/features/rfm_features.parquet
2026-06-11 00:56:32,836 - INFO - Spark session stopped.
2026-06-11 04:51:45,637 - INFO - Loading cleaned data for feature engineering...
2026-06-11 04:51:51,567 - INFO - Faux date of report calculated to be: 2012-01-01
2026-06-11 04:51:55,529 - INFO - RFM features saved to /app/data/features/rfm_features.parquet
2026-06-11 04:51:57,072 - INFO - Spark session stopped.
2026-06-11 05:02:14,714 - INFO - Loading cleaned data for feature engineering...
2026-06-11 05:02:20,343 - INFO - Faux date of report calculated to be: 2012-01-01
2026-06-11 05:02:23,871 - INFO - RFM features saved to /app/data/features/rfm_features.parquet
2026-06-11 05:02:25,442 - INFO - Spark session stopped.
2026-06-11 05:05:50,386 - INFO - Loading cleaned data for feature engineering...
2026-06-11 05:05:57,019 - INFO - Faux date of report calculated to be: 2012-01-01
2026-06-11 05:06:00,945 - INFO - RFM features saved to /app/data/features/rfm_features.parquet
2026-06-11 05:06:02,293 - INFO - Spark session stopped.
2026-06-11 05:12:37,375 - INFO - Loading cleaned data for feature engineering...
2026-06-11 05:12:43,624 - INFO - Faux date of report calculated to be: 2012-01-01
2026-06-11 05:12:47,090 - INFO - RFM features saved to /app/data/features/rfm_features.parquet
2026-06-11 05:12:48,361 - INFO - Spark session stopped.
2026-06-11 05:35:13,277 - INFO - Loading cleaned data for feature engineering...
2026-06-11 05:35:19,649 - INFO - Faux date of report calculated to be: 2012-01-01
2026-06-11 05:35:23,316 - INFO - RFM features saved to /app/data/features/rfm_features.parquet
2026-06-11 05:35:24,588 - INFO - Spark session stopped.
